test_cached_archive_corruption_rejected_without_execution (test_bootstrap.BootstrapTests.test_cached_archive_corruption_rejected_without_execution) ... ok
test_download_failure_and_corruption_leave_no_success_marker (test_bootstrap.BootstrapTests.test_download_failure_and_corruption_leave_no_success_marker) ... ok
test_foreign_interpreter_is_never_given_to_installer (test_bootstrap.BootstrapTests.test_foreign_interpreter_is_never_given_to_installer) ... ok
test_foreign_venv_preserved (test_bootstrap.BootstrapTests.test_foreign_venv_preserved) ... ok
test_install_failure_keeps_preparing_state (test_bootstrap.BootstrapTests.test_install_failure_keeps_preparing_state) ... ok
test_interrupted_partial_setup_resumes_only_owned_environment (test_bootstrap.BootstrapTests.test_interrupted_partial_setup_resumes_only_owned_environment) ... ok
test_manifest_pinned_single_source (test_bootstrap.BootstrapTests.test_manifest_pinned_single_source) ... ok
test_missing_git_actionable_blocker (test_bootstrap.BootstrapTests.test_missing_git_actionable_blocker) ... ok
test_offline_no_python_ordinary_command_never_downloads (test_bootstrap.BootstrapTests.test_offline_no_python_ordinary_command_never_downloads) ... ok
test_pyvenv_config_spaces_and_foreign_base (test_bootstrap.BootstrapTests.test_pyvenv_config_spaces_and_foreign_base) ... ok
test_ready_repeat_does_not_reinstall (test_bootstrap.BootstrapTests.test_ready_repeat_does_not_reinstall) ... ok
test_real_setup_without_path_python_host_preserved (test_bootstrap.BootstrapTests.test_real_setup_without_path_python_host_preserved) ... ok
test_redirect_environment_cleaned_without_changing_parent (test_bootstrap.BootstrapTests.test_redirect_environment_cleaned_without_changing_parent) ... ok
test_relocated_and_manifest_changed_venv_rejected (test_bootstrap.BootstrapTests.test_relocated_and_manifest_changed_venv_rejected) ... ok
test_symlink_venv_and_runtime_rejected (test_bootstrap.BootstrapTests.test_symlink_venv_and_runtime_rejected) ... ok
test_system_ancestor_alias_allowed_but_internal_alias_rejected (test_bootstrap.BootstrapTests.test_system_ancestor_alias_allowed_but_internal_alias_rejected) ... ok
test_watchdog_kills_and_reaps_owned_child_ignoring_sigterm (test_bootstrap.BootstrapTests.test_watchdog_kills_and_reaps_owned_child_ignoring_sigterm) ... ok
test_cancelled_incident_preserves_terminal_state_and_bytes (test_consistency.Consistency.test_cancelled_incident_preserves_terminal_state_and_bytes) ... ok
test_metrics_reject_bad_primary_metadata_despite_valid_output (test_consistency.Consistency.test_metrics_reject_bad_primary_metadata_despite_valid_output) ... ok
test_metrics_require_unambiguous_independent_source_admission (test_consistency.Consistency.test_metrics_require_unambiguous_independent_source_admission) ... ok
test_foreign_index_is_not_used_or_modified_by_delivery (test_consistency.Consistency.test_foreign_index_is_not_used_or_modified_by_delivery) ... ok
test_relative_prepare_is_relative_to_caller_not_source_checkout (test_consistency.Consistency.test_relative_prepare_is_relative_to_caller_not_source_checkout) ... ok
test_corrupt_optional_cache_rebuilds_but_primary_errors_surface (test_consistency.Consistency.test_corrupt_optional_cache_rebuilds_but_primary_errors_surface) ... ok
test_reconciliation_requires_complete_explicit_comparable_metadata (test_consistency.Consistency.test_reconciliation_requires_complete_explicit_comparable_metadata) ... ok
test_resume_and_supersede_keep_original_verification_in_task_history (test_consistency.Consistency.test_resume_and_supersede_keep_original_verification_in_task_history) ... ok
test_interrupted_finish_update_preserves_original_rollback_base (test_consistency.EvolutionConsistency.test_interrupted_finish_update_preserves_original_rollback_base) ... ok
test_relative_company_update_backup_restore_and_rollback (test_consistency.EvolutionConsistency.test_relative_company_update_backup_restore_and_rollback) ... ok
test_delivered_metrics_keep_historical_admission_after_age_and_config_change (test_consistency.EvolutionConsistency.test_delivered_metrics_keep_historical_admission_after_age_and_config_change) ... ok
test_blocked_update_cannot_finish_without_owner_binding_reconciliation (test_consistency.EvolutionConsistency.test_blocked_update_cannot_finish_without_owner_binding_reconciliation) ... ok
test_ambiguous_custom_and_undeclared_fallback (test_dependencies.Dependencies.test_ambiguous_custom_and_undeclared_fallback) ... ok
test_byte_policy_and_bootstrap_drift_block_selected_and_full_tasks (test_dependencies.Dependencies.test_byte_policy_and_bootstrap_drift_block_selected_and_full_tasks) ... ok
test_config_race_before_evidence_never_verified (test_dependencies.Dependencies.test_config_race_before_evidence_never_verified) ... ok
test_declared_dependency_add_remove_and_kernel_change (test_dependencies.Dependencies.test_declared_dependency_add_remove_and_kernel_change) ... ok
test_delivered_admission_uses_historical_specification (test_dependencies.Dependencies.test_delivered_admission_uses_historical_specification) ... ok
test_explicit_harness_and_transitive_skill_selection (test_dependencies.Dependencies.test_explicit_harness_and_transitive_skill_selection) ... ok
test_legacy_read_and_resume_preserve_scope_history (test_dependencies.Dependencies.test_legacy_read_and_resume_preserve_scope_history) ... ok
test_scope_tampering_and_export_primary_path_rejected (test_dependencies.Dependencies.test_scope_tampering_and_export_primary_path_rejected) ... ok
test_selected_source_same_id_change_and_rights_block (test_dependencies.Dependencies.test_selected_source_same_id_change_and_rights_block) ... ok
test_selected_sources_harness_and_unrelated_methods (test_dependencies.Dependencies.test_selected_sources_harness_and_unrelated_methods) ... ok
test_company_proofs_survive_delivery_update_rollback_restore (test_evolution_hooks.Evolution.test_company_proofs_survive_delivery_update_rollback_restore) ... ok
test_hook_proposal_rejects_bad_approval_data_and_nonfixed_script (test_evolution_hooks.Evolution.test_hook_proposal_rejects_bad_approval_data_and_nonfixed_script) ... ok
test_local_hook_proposal_has_exact_approval_and_reviewable_replacement (test_evolution_hooks.Evolution.test_local_hook_proposal_has_exact_approval_and_reviewable_replacement) ... ok
test_author_new_skill_pair_and_safe_projections_use_common_commit (test_history.GuardedDelivery.test_author_new_skill_pair_and_safe_projections_use_common_commit) ... ok
test_commit_lock_cleanup_preserves_consumed_or_replaced_foreign_locks (test_history.GuardedDelivery.test_commit_lock_cleanup_preserves_consumed_or_replaced_foreign_locks) ... ok
test_compare_and_swap_preserves_external_new_head (test_history.GuardedDelivery.test_compare_and_swap_preserves_external_new_head) ... ok
test_concurrent_policy_change_before_index_blocks (test_history.GuardedDelivery.test_concurrent_policy_change_before_index_blocks) ... ok
test_config_drift_after_scratch_commit_blocks_publication (test_history.GuardedDelivery.test_config_drift_after_scratch_commit_blocks_publication) ... ok
test_external_delivery_requires_explicit_policy_before_network (test_history.GuardedDelivery.test_external_delivery_requires_explicit_policy_before_network) ... ok
test_foreign_staged_work_is_preserved (test_history.GuardedDelivery.test_foreign_staged_work_is_preserved) ... ok
test_head_race_does_not_attach_own_result_to_new_parent (test_history.GuardedDelivery.test_head_race_does_not_attach_own_result_to_new_parent) ... ok
test_index_race_before_actual_staging_preserves_foreign_bytes (test_history.GuardedDelivery.test_index_race_before_actual_staging_preserves_foreign_bytes) ... ok
test_initial_and_linked_worktree_commit_keep_exact_tree_after_cleanup (test_history.GuardedDelivery.test_initial_and_linked_worktree_commit_keep_exact_tree_after_cleanup) ... ok
test_interrupted_index_install_preserves_published_commit_and_old_index (test_history.GuardedDelivery.test_interrupted_index_install_preserves_published_commit_and_old_index) ... ok
test_late_foreign_staging_cannot_enter_checked_commit (test_history.GuardedDelivery.test_late_foreign_staging_cannot_enter_checked_commit) ... ok
test_native_commit_rejection_preserves_original_branch_and_index (test_history.GuardedDelivery.test_native_commit_rejection_preserves_original_branch_and_index) ... ok
test_native_hook_tree_change_rejects_before_publication (test_history.GuardedDelivery.test_native_hook_tree_change_rejects_before_publication) ... ERROR
test_preview_tree_uses_owned_index_and_safe_commit_passes (test_history.GuardedDelivery.test_preview_tree_uses_owned_index_and_safe_commit_passes) ... ERROR
test_rejection_preserves_working_file_and_index (test_history.GuardedDelivery.test_rejection_preserves_working_file_and_index) ... ok
test_split_sparse_and_relative_hooks_fail_closed (test_history.GuardedDelivery.test_split_sparse_and_relative_hooks_fail_closed) ... ok
test_additional_high_signal_forms_are_rejected_without_logging_values (test_history.History.test_additional_high_signal_forms_are_rejected_without_logging_values) ... ok
test_all_refs_release_alias_tags_and_direct_blob (test_history.History.test_all_refs_release_alias_tags_and_direct_blob) ... ok
test_baseline_exact_content_and_foreign_merge (test_history.History.test_baseline_exact_content_and_foreign_merge) ... ok
test_binary_permission_does_not_skip_secret_or_text_alias (test_history.History.test_binary_permission_does_not_skip_secret_or_text_alias) ... ok
test_bundle_rechecks_actual_exported_refs_after_source_race (test_history.History.test_bundle_rechecks_actual_exported_refs_after_source_race) ... ok
test_git_selectors_cleared_and_rewrites_rejected (test_history.History.test_git_selectors_cleared_and_rewrites_rejected) ... ok
test_large_blob_is_streamed_and_cross_chunk_marker_rejected (test_history.History.test_large_blob_is_streamed_and_cross_chunk_marker_rejected) ... ok
test_noncanonical_names_modes_and_symlinks (test_history.History.test_noncanonical_names_modes_and_symlinks) ... ok
test_release_forbidden_historical_alias_even_if_head_removed (test_history.History.test_release_forbidden_historical_alias_even_if_head_removed) ... 